Archive member included because of file (symbol)

f:/eng_amgad_samir_diaploma/tools/sdk_win_64/sdk_win_64/winavr/bin/../lib/gcc/avr/4.3.3/avr5\libgcc.a(_mulsi3.o)
                              ./LDR_Prog.o (__mulsi3)
f:/eng_amgad_samir_diaploma/tools/sdk_win_64/sdk_win_64/winavr/bin/../lib/gcc/avr/4.3.3/avr5\libgcc.a(_udivmodhi4.o)
                              ./LM35_Prog.o (__udivmodhi4)
f:/eng_amgad_samir_diaploma/tools/sdk_win_64/sdk_win_64/winavr/bin/../lib/gcc/avr/4.3.3/avr5\libgcc.a(_udivmodsi4.o)
                              ./MAP_Prog.o (__udivmodsi4)
f:/eng_amgad_samir_diaploma/tools/sdk_win_64/sdk_win_64/winavr/bin/../lib/gcc/avr/4.3.3/avr5\libgcc.a(_divmodsi4.o)
                              ./CLCD_program.o (__divmodsi4)
f:/eng_amgad_samir_diaploma/tools/sdk_win_64/sdk_win_64/winavr/bin/../lib/gcc/avr/4.3.3/avr5\libgcc.a(_exit.o)
                              f:/eng_amgad_samir_diaploma/tools/sdk_win_64/sdk_win_64/winavr/bin/../lib/gcc/avr/4.3.3/../../../../avr/lib/avr5/crtm32.o (exit)
f:/eng_amgad_samir_diaploma/tools/sdk_win_64/sdk_win_64/winavr/bin/../lib/gcc/avr/4.3.3/avr5\libgcc.a(_copy_data.o)
                              ./ADC_Prog.o (__do_copy_data)
f:/eng_amgad_samir_diaploma/tools/sdk_win_64/sdk_win_64/winavr/bin/../lib/gcc/avr/4.3.3/avr5\libgcc.a(_clear_bss.o)
                              ./ADC_Prog.o (__do_clear_bss)
f:/eng_amgad_samir_diaploma/tools/sdk_win_64/sdk_win_64/winavr/bin/../lib/gcc/avr/4.3.3/avr5\libgcc.a(_fixunssfsi.o)
                              ./CLCD_program.o (__fixunssfsi)
f:/eng_amgad_samir_diaploma/tools/sdk_win_64/sdk_win_64/winavr/bin/../lib/gcc/avr/4.3.3/avr5\libgcc.a(_addsub_sf.o)
                              f:/eng_amgad_samir_diaploma/tools/sdk_win_64/sdk_win_64/winavr/bin/../lib/gcc/avr/4.3.3/avr5\libgcc.a(_fixunssfsi.o) (__subsf3)
f:/eng_amgad_samir_diaploma/tools/sdk_win_64/sdk_win_64/winavr/bin/../lib/gcc/avr/4.3.3/avr5\libgcc.a(_mul_sf.o)
                              ./CLCD_program.o (__mulsf3)
f:/eng_amgad_samir_diaploma/tools/sdk_win_64/sdk_win_64/winavr/bin/../lib/gcc/avr/4.3.3/avr5\libgcc.a(_gt_sf.o)
                              ./CLCD_program.o (__gtsf2)
f:/eng_amgad_samir_diaploma/tools/sdk_win_64/sdk_win_64/winavr/bin/../lib/gcc/avr/4.3.3/avr5\libgcc.a(_ge_sf.o)
                              f:/eng_amgad_samir_diaploma/tools/sdk_win_64/sdk_win_64/winavr/bin/../lib/gcc/avr/4.3.3/avr5\libgcc.a(_fixunssfsi.o) (__gesf2)
f:/eng_amgad_samir_diaploma/tools/sdk_win_64/sdk_win_64/winavr/bin/../lib/gcc/avr/4.3.3/avr5\libgcc.a(_lt_sf.o)
                              ./CLCD_program.o (__ltsf2)
f:/eng_amgad_samir_diaploma/tools/sdk_win_64/sdk_win_64/winavr/bin/../lib/gcc/avr/4.3.3/avr5\libgcc.a(_sf_to_si.o)
                              f:/eng_amgad_samir_diaploma/tools/sdk_win_64/sdk_win_64/winavr/bin/../lib/gcc/avr/4.3.3/avr5\libgcc.a(_fixunssfsi.o) (__fixsfsi)
f:/eng_amgad_samir_diaploma/tools/sdk_win_64/sdk_win_64/winavr/bin/../lib/gcc/avr/4.3.3/avr5\libgcc.a(_thenan_sf.o)
                              f:/eng_amgad_samir_diaploma/tools/sdk_win_64/sdk_win_64/winavr/bin/../lib/gcc/avr/4.3.3/avr5\libgcc.a(_addsub_sf.o) (__thenan_sf)
f:/eng_amgad_samir_diaploma/tools/sdk_win_64/sdk_win_64/winavr/bin/../lib/gcc/avr/4.3.3/avr5\libgcc.a(_prologue.o)
                              f:/eng_amgad_samir_diaploma/tools/sdk_win_64/sdk_win_64/winavr/bin/../lib/gcc/avr/4.3.3/avr5\libgcc.a(_addsub_sf.o) (__prologue_saves__)
f:/eng_amgad_samir_diaploma/tools/sdk_win_64/sdk_win_64/winavr/bin/../lib/gcc/avr/4.3.3/avr5\libgcc.a(_epilogue.o)
                              f:/eng_amgad_samir_diaploma/tools/sdk_win_64/sdk_win_64/winavr/bin/../lib/gcc/avr/4.3.3/avr5\libgcc.a(_addsub_sf.o) (__epilogue_restores__)
f:/eng_amgad_samir_diaploma/tools/sdk_win_64/sdk_win_64/winavr/bin/../lib/gcc/avr/4.3.3/avr5\libgcc.a(_pack_sf.o)
                              f:/eng_amgad_samir_diaploma/tools/sdk_win_64/sdk_win_64/winavr/bin/../lib/gcc/avr/4.3.3/avr5\libgcc.a(_addsub_sf.o) (__pack_f)
f:/eng_amgad_samir_diaploma/tools/sdk_win_64/sdk_win_64/winavr/bin/../lib/gcc/avr/4.3.3/avr5\libgcc.a(_unpack_sf.o)
                              f:/eng_amgad_samir_diaploma/tools/sdk_win_64/sdk_win_64/winavr/bin/../lib/gcc/avr/4.3.3/avr5\libgcc.a(_addsub_sf.o) (__unpack_f)
f:/eng_amgad_samir_diaploma/tools/sdk_win_64/sdk_win_64/winavr/bin/../lib/gcc/avr/4.3.3/avr5\libgcc.a(_fpcmp_parts_sf.o)
                              f:/eng_amgad_samir_diaploma/tools/sdk_win_64/sdk_win_64/winavr/bin/../lib/gcc/avr/4.3.3/avr5\libgcc.a(_gt_sf.o) (__fpcmp_parts_f)

Memory Configuration

Name             Origin             Length             Attributes
text             0x00000000         0x00020000         xr
data             0x00800060         0x0000ffa0         rw !x
eeprom           0x00810000         0x00010000         rw !x
fuse             0x00820000         0x00000400         rw !x
lock             0x00830000         0x00000400         rw !x
signature        0x00840000         0x00000400         rw !x
*default*        0x00000000         0xffffffff

Linker script and memory map

LOAD f:/eng_amgad_samir_diaploma/tools/sdk_win_64/sdk_win_64/winavr/bin/../lib/gcc/avr/4.3.3/../../../../avr/lib/avr5/crtm32.o
LOAD ./ADC_Prog.o
LOAD ./CLCD_program.o
LOAD ./DCMotor_Program.o
LOAD ./DIO_Program.o
LOAD ./KPD_Program.o
LOAD ./LDR_Prog.o
LOAD ./LM35_Prog.o
LOAD ./MAP_Prog.o
LOAD ./PORT_Program.o
LOAD ./SSD_Prog.o
LOAD ./main.o
LOAD f:/eng_amgad_samir_diaploma/tools/sdk_win_64/sdk_win_64/winavr/bin/../lib/gcc/avr/4.3.3/avr5\libgcc.a
LOAD f:/eng_amgad_samir_diaploma/tools/sdk_win_64/sdk_win_64/winavr/bin/../lib/gcc/avr/4.3.3/../../../../avr/lib/avr5\libc.a
LOAD f:/eng_amgad_samir_diaploma/tools/sdk_win_64/sdk_win_64/winavr/bin/../lib/gcc/avr/4.3.3/avr5\libgcc.a

.hash
 *(.hash)

.dynsym
 *(.dynsym)

.dynstr
 *(.dynstr)

.gnu.version
 *(.gnu.version)

.gnu.version_d
 *(.gnu.version_d)

.gnu.version_r
 *(.gnu.version_r)

.rel.init
 *(.rel.init)

.rela.init
 *(.rela.init)

.rel.text
 *(.rel.text)
 *(.rel.text.*)
 *(.rel.gnu.linkonce.t*)

.rela.text
 *(.rela.text)
 *(.rela.text.*)
 *(.rela.gnu.linkonce.t*)

.rel.fini
 *(.rel.fini)

.rela.fini
 *(.rela.fini)

.rel.rodata
 *(.rel.rodata)
 *(.rel.rodata.*)
 *(.rel.gnu.linkonce.r*)

.rela.rodata
 *(.rela.rodata)
 *(.rela.rodata.*)
 *(.rela.gnu.linkonce.r*)

.rel.data
 *(.rel.data)
 *(.rel.data.*)
 *(.rel.gnu.linkonce.d*)

.rela.data
 *(.rela.data)
 *(.rela.data.*)
 *(.rela.gnu.linkonce.d*)

.rel.ctors
 *(.rel.ctors)

.rela.ctors
 *(.rela.ctors)

.rel.dtors
 *(.rel.dtors)

.rela.dtors
 *(.rela.dtors)

.rel.got
 *(.rel.got)

.rela.got
 *(.rela.got)

.rel.bss
 *(.rel.bss)

.rela.bss
 *(.rela.bss)

.rel.plt
 *(.rel.plt)

.rela.plt
 *(.rela.plt)

.text           0x00000000     0x3a9c
 *(.vectors)
 .vectors       0x00000000       0x54 f:/eng_amgad_samir_diaploma/tools/sdk_win_64/sdk_win_64/winavr/bin/../lib/gcc/avr/4.3.3/../../../../avr/lib/avr5/crtm32.o
                0x00000000                __vectors
                0x00000000                __vector_default
 *(.vectors)
 *(.progmem.gcc*)
 *(.progmem*)
                0x00000054                . = ALIGN (0x2)
                0x00000054                __trampolines_start = .
 *(.trampolines)
 .trampolines   0x00000054        0x0 linker stubs
 *(.trampolines*)
                0x00000054                __trampolines_end = .
 *(.jumptables)
 *(.jumptables*)
 *(.lowtext)
 *(.lowtext*)
                0x00000054                __ctors_start = .
 *(.ctors)
                0x00000054                __ctors_end = .
                0x00000054                __dtors_start = .
 *(.dtors)
                0x00000054                __dtors_end = .
 SORT(*)(.ctors)
 SORT(*)(.dtors)
 *(.init0)
 .init0         0x00000054        0x0 f:/eng_amgad_samir_diaploma/tools/sdk_win_64/sdk_win_64/winavr/bin/../lib/gcc/avr/4.3.3/../../../../avr/lib/avr5/crtm32.o
                0x00000054                __init
 *(.init0)
 *(.init1)
 *(.init1)
 *(.init2)
 .init2         0x00000054        0xc f:/eng_amgad_samir_diaploma/tools/sdk_win_64/sdk_win_64/winavr/bin/../lib/gcc/avr/4.3.3/../../../../avr/lib/avr5/crtm32.o
 *(.init2)
 *(.init3)
 *(.init3)
 *(.init4)
 .init4         0x00000060       0x16 f:/eng_amgad_samir_diaploma/tools/sdk_win_64/sdk_win_64/winavr/bin/../lib/gcc/avr/4.3.3/avr5\libgcc.a(_copy_data.o)
                0x00000060                __do_copy_data
 .init4         0x00000076       0x10 f:/eng_amgad_samir_diaploma/tools/sdk_win_64/sdk_win_64/winavr/bin/../lib/gcc/avr/4.3.3/avr5\libgcc.a(_clear_bss.o)
                0x00000076                __do_clear_bss
 *(.init4)
 *(.init5)
 *(.init5)
 *(.init6)
 *(.init6)
 *(.init7)
 *(.init7)
 *(.init8)
 *(.init8)
 *(.init9)
 .init9         0x00000086        0x8 f:/eng_amgad_samir_diaploma/tools/sdk_win_64/sdk_win_64/winavr/bin/../lib/gcc/avr/4.3.3/../../../../avr/lib/avr5/crtm32.o
 *(.init9)
 *(.text)
 .text          0x0000008e        0x4 f:/eng_amgad_samir_diaploma/tools/sdk_win_64/sdk_win_64/winavr/bin/../lib/gcc/avr/4.3.3/../../../../avr/lib/avr5/crtm32.o
                0x0000008e                __vector_1
                0x0000008e                __vector_12
                0x0000008e                __bad_interrupt
                0x0000008e                __vector_6
                0x0000008e                __vector_3
                0x0000008e                __vector_11
                0x0000008e                __vector_13
                0x0000008e                __vector_17
                0x0000008e                __vector_19
                0x0000008e                __vector_7
                0x0000008e                __vector_5
                0x0000008e                __vector_4
                0x0000008e                __vector_9
                0x0000008e                __vector_2
                0x0000008e                __vector_15
                0x0000008e                __vector_8
                0x0000008e                __vector_14
                0x0000008e                __vector_10
                0x0000008e                __vector_18
                0x0000008e                __vector_20
 .text          0x00000092        0x0 ./ADC_Prog.o
 .text          0x00000092        0x0 ./CLCD_program.o
 .text          0x00000092        0x0 ./DCMotor_Program.o
 .text          0x00000092        0x0 ./DIO_Program.o
 .text          0x00000092        0x0 ./KPD_Program.o
 .text          0x00000092        0x0 ./LDR_Prog.o
 .text          0x00000092        0x0 ./LM35_Prog.o
 .text          0x00000092        0x0 ./MAP_Prog.o
 .text          0x00000092        0x0 ./PORT_Program.o
 .text          0x00000092        0x0 ./SSD_Prog.o
 .text          0x00000092        0x0 ./main.o
 .text          0x00000092        0x0 f:/eng_amgad_samir_diaploma/tools/sdk_win_64/sdk_win_64/winavr/bin/../lib/gcc/avr/4.3.3/avr5\libgcc.a(_mulsi3.o)
 .text          0x00000092        0x0 f:/eng_amgad_samir_diaploma/tools/sdk_win_64/sdk_win_64/winavr/bin/../lib/gcc/avr/4.3.3/avr5\libgcc.a(_udivmodhi4.o)
 .text          0x00000092        0x0 f:/eng_amgad_samir_diaploma/tools/sdk_win_64/sdk_win_64/winavr/bin/../lib/gcc/avr/4.3.3/avr5\libgcc.a(_udivmodsi4.o)
 .text          0x00000092        0x0 f:/eng_amgad_samir_diaploma/tools/sdk_win_64/sdk_win_64/winavr/bin/../lib/gcc/avr/4.3.3/avr5\libgcc.a(_divmodsi4.o)
 .text          0x00000092        0x0 f:/eng_amgad_samir_diaploma/tools/sdk_win_64/sdk_win_64/winavr/bin/../lib/gcc/avr/4.3.3/avr5\libgcc.a(_exit.o)
 .text          0x00000092        0x0 f:/eng_amgad_samir_diaploma/tools/sdk_win_64/sdk_win_64/winavr/bin/../lib/gcc/avr/4.3.3/avr5\libgcc.a(_copy_data.o)
 .text          0x00000092        0x0 f:/eng_amgad_samir_diaploma/tools/sdk_win_64/sdk_win_64/winavr/bin/../lib/gcc/avr/4.3.3/avr5\libgcc.a(_clear_bss.o)
 .text          0x00000092       0x58 f:/eng_amgad_samir_diaploma/tools/sdk_win_64/sdk_win_64/winavr/bin/../lib/gcc/avr/4.3.3/avr5\libgcc.a(_fixunssfsi.o)
                0x00000092                __fixunssfsi
 .text          0x000000ea      0x354 f:/eng_amgad_samir_diaploma/tools/sdk_win_64/sdk_win_64/winavr/bin/../lib/gcc/avr/4.3.3/avr5\libgcc.a(_addsub_sf.o)
                0x00000382                __subsf3
                0x000003e4                __addsf3
 .text          0x0000043e      0x1f4 f:/eng_amgad_samir_diaploma/tools/sdk_win_64/sdk_win_64/winavr/bin/../lib/gcc/avr/4.3.3/avr5\libgcc.a(_mul_sf.o)
                0x0000043e                __mulsf3
 .text          0x00000632       0x60 f:/eng_amgad_samir_diaploma/tools/sdk_win_64/sdk_win_64/winavr/bin/../lib/gcc/avr/4.3.3/avr5\libgcc.a(_gt_sf.o)
                0x00000632                __gtsf2
 .text          0x00000692       0x60 f:/eng_amgad_samir_diaploma/tools/sdk_win_64/sdk_win_64/winavr/bin/../lib/gcc/avr/4.3.3/avr5\libgcc.a(_ge_sf.o)
                0x00000692                __gesf2
 .text          0x000006f2       0x60 f:/eng_amgad_samir_diaploma/tools/sdk_win_64/sdk_win_64/winavr/bin/../lib/gcc/avr/4.3.3/avr5\libgcc.a(_lt_sf.o)
                0x000006f2                __ltsf2
 .text          0x00000752       0xa8 f:/eng_amgad_samir_diaploma/tools/sdk_win_64/sdk_win_64/winavr/bin/../lib/gcc/avr/4.3.3/avr5\libgcc.a(_sf_to_si.o)
                0x00000752                __fixsfsi
 .text          0x000007fa        0x0 f:/eng_amgad_samir_diaploma/tools/sdk_win_64/sdk_win_64/winavr/bin/../lib/gcc/avr/4.3.3/avr5\libgcc.a(_thenan_sf.o)
 .text          0x000007fa        0x0 f:/eng_amgad_samir_diaploma/tools/sdk_win_64/sdk_win_64/winavr/bin/../lib/gcc/avr/4.3.3/avr5\libgcc.a(_prologue.o)
 .text          0x000007fa        0x0 f:/eng_amgad_samir_diaploma/tools/sdk_win_64/sdk_win_64/winavr/bin/../lib/gcc/avr/4.3.3/avr5\libgcc.a(_epilogue.o)
 .text          0x000007fa      0x1aa f:/eng_amgad_samir_diaploma/tools/sdk_win_64/sdk_win_64/winavr/bin/../lib/gcc/avr/4.3.3/avr5\libgcc.a(_pack_sf.o)
                0x000007fa                __pack_f
 .text          0x000009a4       0xf0 f:/eng_amgad_samir_diaploma/tools/sdk_win_64/sdk_win_64/winavr/bin/../lib/gcc/avr/4.3.3/avr5\libgcc.a(_unpack_sf.o)
                0x000009a4                __unpack_f
 .text          0x00000a94       0xb2 f:/eng_amgad_samir_diaploma/tools/sdk_win_64/sdk_win_64/winavr/bin/../lib/gcc/avr/4.3.3/avr5\libgcc.a(_fpcmp_parts_sf.o)
                0x00000a94                __fpcmp_parts_f
                0x00000b46                . = ALIGN (0x2)
 *(.text.*)
 .text.ADC_voidInit
                0x00000b46       0x70 ./ADC_Prog.o
                0x00000b46                ADC_voidInit
 .text.ADC_u8StartConversionSynch
                0x00000bb6      0x112 ./ADC_Prog.o
                0x00000bb6                ADC_u8StartConversionSynch
 .text.ADC_u8StartConversionASynch
                0x00000cc8       0xae ./ADC_Prog.o
                0x00000cc8                ADC_u8StartConversionASynch
 .text.ADC_u8StartChainConversionASynch
                0x00000d76       0xcc ./ADC_Prog.o
                0x00000d76                ADC_u8StartChainConversionASynch
 .text.__vector_16
                0x00000e42      0x19c ./ADC_Prog.o
                0x00000e42                __vector_16
 .text.voidSendEnablePulse
                0x00000fde      0x11e ./CLCD_program.o
 .text.CLCD_voidSendCmd
                0x000010fc       0x34 ./CLCD_program.o
                0x000010fc                CLCD_voidSendCmd
 .text.CLCD_voidSendData
                0x00001130       0x34 ./CLCD_program.o
                0x00001130                CLCD_voidSendData
 .text.CLCD_voidInit
                0x00001164      0x11c ./CLCD_program.o
                0x00001164                CLCD_voidInit
 .text.CLCD_u8SendString
                0x00001280       0x66 ./CLCD_program.o
                0x00001280                CLCD_u8SendString
 .text.CLCD_voidSendNumber
                0x000012e6      0x11a ./CLCD_program.o
                0x000012e6                CLCD_voidSendNumber
 .text.CLCD_voidGoToXY
                0x00001400       0x40 ./CLCD_program.o
                0x00001400                CLCD_voidGoToXY
 .text.CLCD_voidSendSpecialCharacter
                0x00001440       0x84 ./CLCD_program.o
                0x00001440                CLCD_voidSendSpecialCharacter
 .text.DCMOTOR_u8RotateClockWise
                0x000014c4       0x32 ./DCMotor_Program.o
                0x000014c4                DCMOTOR_u8RotateClockWise
 .text.DCMOTOR_u8RotateCounterClockWise
                0x000014f6       0x32 ./DCMotor_Program.o
                0x000014f6                DCMOTOR_u8RotateCounterClockWise
 .text.DCMOTOR_u8Stop
                0x00001528       0x32 ./DCMotor_Program.o
                0x00001528                DCMOTOR_u8Stop
 .text.DIO_u8SetPinDerection
                0x0000155a      0x224 ./DIO_Program.o
                0x0000155a                DIO_u8SetPinDerection
 .text.DIO_u8SetPinValue
                0x0000177e      0x224 ./DIO_Program.o
                0x0000177e                DIO_u8SetPinValue
 .text.DIO_u8GetPinValue
                0x000019a2      0x136 ./DIO_Program.o
                0x000019a2                DIO_u8GetPinValue
 .text.DIO_u8TogglePin
                0x00001ad8      0x116 ./DIO_Program.o
                0x00001ad8                DIO_u8TogglePin
 .text.DIO_u8SetPortDerection
                0x00001bee       0x90 ./DIO_Program.o
                0x00001bee                DIO_u8SetPortDerection
 .text.DIO_u8SetPortValue
                0x00001c7e       0x90 ./DIO_Program.o
                0x00001c7e                DIO_u8SetPortValue
 .text.DIO_u8GetPortValue
                0x00001d0e       0xb4 ./DIO_Program.o
                0x00001d0e                DIO_u8GetPortValue
 .text.KPD_u8GetPressedKey
                0x00001dc2      0x306 ./KPD_Program.o
                0x00001dc2                KPD_u8GetPressedKey
 .text.LDR_u8GetAnalogVolt
                0x000020c8      0x162 ./LDR_Prog.o
                0x000020c8                LDR_u8GetAnalogVolt
 .text.LM35_u8GetTemp
                0x0000222a      0x174 ./LM35_Prog.o
                0x0000222a                LM35_u8GetTemp
 .text.F_u32MAP
                0x0000239e       0xf2 ./MAP_Prog.o
                0x0000239e                F_u32MAP
 .text.PORT_voidInit
                0x00002490       0x4e ./PORT_Program.o
                0x00002490                PORT_voidInit
 .text.SSD_u8Display_ON
                0x000024de       0x9a ./SSD_Prog.o
                0x000024de                SSD_u8Display_ON
 .text.SSD_u8Display_OFF
                0x00002578       0x9a ./SSD_Prog.o
                0x00002578                SSD_u8Display_OFF
 .text.SSD_u8SetNumber
                0x00002612       0xde ./SSD_Prog.o
                0x00002612                SSD_u8SetNumber
 .text.main     0x000026f0      0xcae ./main.o
                0x000026f0                main
 .text.F_voidWelcomeHamoksha
                0x0000339e      0x45a ./main.o
                0x0000339e                F_voidWelcomeHamoksha
 .text.F_voidSytemSTOP
                0x000037f8       0x22 ./main.o
                0x000037f8                F_voidSytemSTOP
 .text.F_voidSytemON
                0x0000381a      0x130 ./main.o
                0x0000381a                F_voidSytemON
 .text.libgcc   0x0000394a       0x3e f:/eng_amgad_samir_diaploma/tools/sdk_win_64/sdk_win_64/winavr/bin/../lib/gcc/avr/4.3.3/avr5\libgcc.a(_mulsi3.o)
                0x0000394a                __mulsi3
 .text.libgcc   0x00003988       0x28 f:/eng_amgad_samir_diaploma/tools/sdk_win_64/sdk_win_64/winavr/bin/../lib/gcc/avr/4.3.3/avr5\libgcc.a(_udivmodhi4.o)
                0x00003988                __udivmodhi4
 .text.libgcc   0x000039b0       0x44 f:/eng_amgad_samir_diaploma/tools/sdk_win_64/sdk_win_64/winavr/bin/../lib/gcc/avr/4.3.3/avr5\libgcc.a(_udivmodsi4.o)
                0x000039b0                __udivmodsi4
 .text.libgcc   0x000039f4       0x36 f:/eng_amgad_samir_diaploma/tools/sdk_win_64/sdk_win_64/winavr/bin/../lib/gcc/avr/4.3.3/avr5\libgcc.a(_divmodsi4.o)
                0x000039f4                __divmodsi4
 .text.libgcc   0x00003a2a        0x0 f:/eng_amgad_samir_diaploma/tools/sdk_win_64/sdk_win_64/winavr/bin/../lib/gcc/avr/4.3.3/avr5\libgcc.a(_exit.o)
 .text.libgcc   0x00003a2a        0x0 f:/eng_amgad_samir_diaploma/tools/sdk_win_64/sdk_win_64/winavr/bin/../lib/gcc/avr/4.3.3/avr5\libgcc.a(_copy_data.o)
 .text.libgcc   0x00003a2a        0x0 f:/eng_amgad_samir_diaploma/tools/sdk_win_64/sdk_win_64/winavr/bin/../lib/gcc/avr/4.3.3/avr5\libgcc.a(_clear_bss.o)
 .text.libgcc   0x00003a2a       0x38 f:/eng_amgad_samir_diaploma/tools/sdk_win_64/sdk_win_64/winavr/bin/../lib/gcc/avr/4.3.3/avr5\libgcc.a(_prologue.o)
                0x00003a2a                __prologue_saves__
 .text.libgcc   0x00003a62       0x36 f:/eng_amgad_samir_diaploma/tools/sdk_win_64/sdk_win_64/winavr/bin/../lib/gcc/avr/4.3.3/avr5\libgcc.a(_epilogue.o)
                0x00003a62                __epilogue_restores__
                0x00003a98                . = ALIGN (0x2)
 *(.fini9)
 .fini9         0x00003a98        0x0 f:/eng_amgad_samir_diaploma/tools/sdk_win_64/sdk_win_64/winavr/bin/../lib/gcc/avr/4.3.3/avr5\libgcc.a(_exit.o)
                0x00003a98                exit
                0x00003a98                _exit
 *(.fini9)
 *(.fini8)
 *(.fini8)
 *(.fini7)
 *(.fini7)
 *(.fini6)
 *(.fini6)
 *(.fini5)
 *(.fini5)
 *(.fini4)
 *(.fini4)
 *(.fini3)
 *(.fini3)
 *(.fini2)
 *(.fini2)
 *(.fini1)
 *(.fini1)
 *(.fini0)
 .fini0         0x00003a98        0x4 f:/eng_amgad_samir_diaploma/tools/sdk_win_64/sdk_win_64/winavr/bin/../lib/gcc/avr/4.3.3/avr5\libgcc.a(_exit.o)
 *(.fini0)
                0x00003a9c                _etext = .

.data           0x00800060       0x9e load address 0x00003a9c
                0x00800060                PROVIDE (__data_start, .)
 *(.data)
 .data          0x00800060        0x0 f:/eng_amgad_samir_diaploma/tools/sdk_win_64/sdk_win_64/winavr/bin/../lib/gcc/avr/4.3.3/../../../../avr/lib/avr5/crtm32.o
 .data          0x00800060        0x0 ./ADC_Prog.o
 .data          0x00800060        0x0 ./CLCD_program.o
 .data          0x00800060        0x0 ./DCMotor_Program.o
 .data          0x00800060        0x0 ./DIO_Program.o
 .data          0x00800060        0x0 ./KPD_Program.o
 .data          0x00800060        0x0 ./LDR_Prog.o
 .data          0x00800060        0x0 ./LM35_Prog.o
 .data          0x00800060        0x0 ./MAP_Prog.o
 .data          0x00800060        0x0 ./PORT_Program.o
 .data          0x00800060        0x0 ./SSD_Prog.o
 .data          0x00800060       0x56 ./main.o
 .data          0x008000b6        0x0 f:/eng_amgad_samir_diaploma/tools/sdk_win_64/sdk_win_64/winavr/bin/../lib/gcc/avr/4.3.3/avr5\libgcc.a(_mulsi3.o)
 .data          0x008000b6        0x0 f:/eng_amgad_samir_diaploma/tools/sdk_win_64/sdk_win_64/winavr/bin/../lib/gcc/avr/4.3.3/avr5\libgcc.a(_udivmodhi4.o)
 .data          0x008000b6        0x0 f:/eng_amgad_samir_diaploma/tools/sdk_win_64/sdk_win_64/winavr/bin/../lib/gcc/avr/4.3.3/avr5\libgcc.a(_udivmodsi4.o)
 .data          0x008000b6        0x0 f:/eng_amgad_samir_diaploma/tools/sdk_win_64/sdk_win_64/winavr/bin/../lib/gcc/avr/4.3.3/avr5\libgcc.a(_divmodsi4.o)
 .data          0x008000b6        0x0 f:/eng_amgad_samir_diaploma/tools/sdk_win_64/sdk_win_64/winavr/bin/../lib/gcc/avr/4.3.3/avr5\libgcc.a(_exit.o)
 .data          0x008000b6        0x0 f:/eng_amgad_samir_diaploma/tools/sdk_win_64/sdk_win_64/winavr/bin/../lib/gcc/avr/4.3.3/avr5\libgcc.a(_copy_data.o)
 .data          0x008000b6        0x0 f:/eng_amgad_samir_diaploma/tools/sdk_win_64/sdk_win_64/winavr/bin/../lib/gcc/avr/4.3.3/avr5\libgcc.a(_clear_bss.o)
 .data          0x008000b6        0x0 f:/eng_amgad_samir_diaploma/tools/sdk_win_64/sdk_win_64/winavr/bin/../lib/gcc/avr/4.3.3/avr5\libgcc.a(_fixunssfsi.o)
 .data          0x008000b6        0x0 f:/eng_amgad_samir_diaploma/tools/sdk_win_64/sdk_win_64/winavr/bin/../lib/gcc/avr/4.3.3/avr5\libgcc.a(_addsub_sf.o)
 .data          0x008000b6        0x0 f:/eng_amgad_samir_diaploma/tools/sdk_win_64/sdk_win_64/winavr/bin/../lib/gcc/avr/4.3.3/avr5\libgcc.a(_mul_sf.o)
 .data          0x008000b6        0x0 f:/eng_amgad_samir_diaploma/tools/sdk_win_64/sdk_win_64/winavr/bin/../lib/gcc/avr/4.3.3/avr5\libgcc.a(_gt_sf.o)
 .data          0x008000b6        0x0 f:/eng_amgad_samir_diaploma/tools/sdk_win_64/sdk_win_64/winavr/bin/../lib/gcc/avr/4.3.3/avr5\libgcc.a(_ge_sf.o)
 .data          0x008000b6        0x0 f:/eng_amgad_samir_diaploma/tools/sdk_win_64/sdk_win_64/winavr/bin/../lib/gcc/avr/4.3.3/avr5\libgcc.a(_lt_sf.o)
 .data          0x008000b6        0x0 f:/eng_amgad_samir_diaploma/tools/sdk_win_64/sdk_win_64/winavr/bin/../lib/gcc/avr/4.3.3/avr5\libgcc.a(_sf_to_si.o)
 .data          0x008000b6        0x8 f:/eng_amgad_samir_diaploma/tools/sdk_win_64/sdk_win_64/winavr/bin/../lib/gcc/avr/4.3.3/avr5\libgcc.a(_thenan_sf.o)
                0x008000b6                __thenan_sf
 .data          0x008000be        0x0 f:/eng_amgad_samir_diaploma/tools/sdk_win_64/sdk_win_64/winavr/bin/../lib/gcc/avr/4.3.3/avr5\libgcc.a(_prologue.o)
 .data          0x008000be        0x0 f:/eng_amgad_samir_diaploma/tools/sdk_win_64/sdk_win_64/winavr/bin/../lib/gcc/avr/4.3.3/avr5\libgcc.a(_epilogue.o)
 .data          0x008000be        0x0 f:/eng_amgad_samir_diaploma/tools/sdk_win_64/sdk_win_64/winavr/bin/../lib/gcc/avr/4.3.3/avr5\libgcc.a(_pack_sf.o)
 .data          0x008000be        0x0 f:/eng_amgad_samir_diaploma/tools/sdk_win_64/sdk_win_64/winavr/bin/../lib/gcc/avr/4.3.3/avr5\libgcc.a(_unpack_sf.o)
 .data          0x008000be        0x0 f:/eng_amgad_samir_diaploma/tools/sdk_win_64/sdk_win_64/winavr/bin/../lib/gcc/avr/4.3.3/avr5\libgcc.a(_fpcmp_parts_sf.o)
 *(.data*)
 .data.ADC_u8BusyFlag
                0x008000be        0x1 ./ADC_Prog.o
 .data.Local_u8KPDArr.1293
                0x008000bf       0x10 ./KPD_Program.o
 .data.Local_u8ROWArr.1292
                0x008000cf        0x4 ./KPD_Program.o
 .data.Local_u8ColArr.1291
                0x008000d3        0x4 ./KPD_Program.o
 .data.Local_u8HamokshaArr
                0x008000d7        0x8 ./main.o
                0x008000d7                Local_u8HamokshaArr
 .data.Local_u8HamokshaArrRun1
                0x008000df        0x8 ./main.o
                0x008000df                Local_u8HamokshaArrRun1
 .data.Local_u8HamokshaArrRun2
                0x008000e7        0x8 ./main.o
                0x008000e7                Local_u8HamokshaArrRun2
 .data.SSD_t    0x008000ef        0x4 ./main.o
                0x008000ef                SSD_t
 *(.rodata)
 *(.rodata*)
 .rodata.C.0.1280
                0x008000f3        0xa ./SSD_Prog.o
 *(.gnu.linkonce.d*)
                0x008000fe                . = ALIGN (0x2)
 *fill*         0x008000fd        0x1 00
                0x008000fe                _edata = .
                0x008000fe                PROVIDE (__data_end, .)

.bss            0x008000fe       0x10
                0x008000fe                PROVIDE (__bss_start, .)
 *(.bss)
 .bss           0x008000fe        0x0 f:/eng_amgad_samir_diaploma/tools/sdk_win_64/sdk_win_64/winavr/bin/../lib/gcc/avr/4.3.3/../../../../avr/lib/avr5/crtm32.o
 .bss           0x008000fe        0x0 ./ADC_Prog.o
 .bss           0x008000fe        0x0 ./CLCD_program.o
 .bss           0x008000fe        0x0 ./DCMotor_Program.o
 .bss           0x008000fe        0x0 ./DIO_Program.o
 .bss           0x008000fe        0x0 ./KPD_Program.o
 .bss           0x008000fe        0x0 ./LDR_Prog.o
 .bss           0x008000fe        0x0 ./LM35_Prog.o
 .bss           0x008000fe        0x0 ./MAP_Prog.o
 .bss           0x008000fe        0x0 ./PORT_Program.o
 .bss           0x008000fe        0x0 ./SSD_Prog.o
 .bss           0x008000fe        0x0 ./main.o
 .bss           0x008000fe        0x0 f:/eng_amgad_samir_diaploma/tools/sdk_win_64/sdk_win_64/winavr/bin/../lib/gcc/avr/4.3.3/avr5\libgcc.a(_mulsi3.o)
 .bss           0x008000fe        0x0 f:/eng_amgad_samir_diaploma/tools/sdk_win_64/sdk_win_64/winavr/bin/../lib/gcc/avr/4.3.3/avr5\libgcc.a(_udivmodhi4.o)
 .bss           0x008000fe        0x0 f:/eng_amgad_samir_diaploma/tools/sdk_win_64/sdk_win_64/winavr/bin/../lib/gcc/avr/4.3.3/avr5\libgcc.a(_udivmodsi4.o)
 .bss           0x008000fe        0x0 f:/eng_amgad_samir_diaploma/tools/sdk_win_64/sdk_win_64/winavr/bin/../lib/gcc/avr/4.3.3/avr5\libgcc.a(_divmodsi4.o)
 .bss           0x008000fe        0x0 f:/eng_amgad_samir_diaploma/tools/sdk_win_64/sdk_win_64/winavr/bin/../lib/gcc/avr/4.3.3/avr5\libgcc.a(_exit.o)
 .bss           0x008000fe        0x0 f:/eng_amgad_samir_diaploma/tools/sdk_win_64/sdk_win_64/winavr/bin/../lib/gcc/avr/4.3.3/avr5\libgcc.a(_copy_data.o)
 .bss           0x008000fe        0x0 f:/eng_amgad_samir_diaploma/tools/sdk_win_64/sdk_win_64/winavr/bin/../lib/gcc/avr/4.3.3/avr5\libgcc.a(_clear_bss.o)
 .bss           0x008000fe        0x0 f:/eng_amgad_samir_diaploma/tools/sdk_win_64/sdk_win_64/winavr/bin/../lib/gcc/avr/4.3.3/avr5\libgcc.a(_fixunssfsi.o)
 .bss           0x008000fe        0x0 f:/eng_amgad_samir_diaploma/tools/sdk_win_64/sdk_win_64/winavr/bin/../lib/gcc/avr/4.3.3/avr5\libgcc.a(_addsub_sf.o)
 .bss           0x008000fe        0x0 f:/eng_amgad_samir_diaploma/tools/sdk_win_64/sdk_win_64/winavr/bin/../lib/gcc/avr/4.3.3/avr5\libgcc.a(_mul_sf.o)
 .bss           0x008000fe        0x0 f:/eng_amgad_samir_diaploma/tools/sdk_win_64/sdk_win_64/winavr/bin/../lib/gcc/avr/4.3.3/avr5\libgcc.a(_gt_sf.o)
 .bss           0x008000fe        0x0 f:/eng_amgad_samir_diaploma/tools/sdk_win_64/sdk_win_64/winavr/bin/../lib/gcc/avr/4.3.3/avr5\libgcc.a(_ge_sf.o)
 .bss           0x008000fe        0x0 f:/eng_amgad_samir_diaploma/tools/sdk_win_64/sdk_win_64/winavr/bin/../lib/gcc/avr/4.3.3/avr5\libgcc.a(_lt_sf.o)
 .bss           0x008000fe        0x0 f:/eng_amgad_samir_diaploma/tools/sdk_win_64/sdk_win_64/winavr/bin/../lib/gcc/avr/4.3.3/avr5\libgcc.a(_sf_to_si.o)
 .bss           0x008000fe        0x0 f:/eng_amgad_samir_diaploma/tools/sdk_win_64/sdk_win_64/winavr/bin/../lib/gcc/avr/4.3.3/avr5\libgcc.a(_thenan_sf.o)
 .bss           0x008000fe        0x0 f:/eng_amgad_samir_diaploma/tools/sdk_win_64/sdk_win_64/winavr/bin/../lib/gcc/avr/4.3.3/avr5\libgcc.a(_prologue.o)
 .bss           0x008000fe        0x0 f:/eng_amgad_samir_diaploma/tools/sdk_win_64/sdk_win_64/winavr/bin/../lib/gcc/avr/4.3.3/avr5\libgcc.a(_epilogue.o)
 .bss           0x008000fe        0x0 f:/eng_amgad_samir_diaploma/tools/sdk_win_64/sdk_win_64/winavr/bin/../lib/gcc/avr/4.3.3/avr5\libgcc.a(_pack_sf.o)
 .bss           0x008000fe        0x0 f:/eng_amgad_samir_diaploma/tools/sdk_win_64/sdk_win_64/winavr/bin/../lib/gcc/avr/4.3.3/avr5\libgcc.a(_unpack_sf.o)
 .bss           0x008000fe        0x0 f:/eng_amgad_samir_diaploma/tools/sdk_win_64/sdk_win_64/winavr/bin/../lib/gcc/avr/4.3.3/avr5\libgcc.a(_fpcmp_parts_sf.o)
 *(.bss*)
 .bss.ADC_pu16ConversionResult
                0x008000fe        0x2 ./ADC_Prog.o
 .bss.ADC_puNotificationFunc
                0x00800100        0x2 ./ADC_Prog.o
 .bss.ADC_pstChainDataGlobally
                0x00800102        0x2 ./ADC_Prog.o
 .bss.ADC_u8ChainChannelCounter
                0x00800104        0x1 ./ADC_Prog.o
 .bss.ADC_u8IntSource_Falg
                0x00800105        0x1 ./ADC_Prog.o
 .bss.Local_u8DeleteHamokshaArr
                0x00800106        0x8 ./main.o
                0x00800106                Local_u8DeleteHamokshaArr
 *(COMMON)
                0x0080010e                PROVIDE (__bss_end, .)
                0x00003a9c                __data_load_start = LOADADDR (.data)
                0x00003b3a                __data_load_end = (__data_load_start + SIZEOF (.data))

.noinit         0x0080010e        0x0
                0x0080010e                PROVIDE (__noinit_start, .)
 *(.noinit*)
                0x0080010e                PROVIDE (__noinit_end, .)
                0x0080010e                _end = .
                0x0080010e                PROVIDE (__heap_start, .)

.eeprom         0x00810000        0x0
 *(.eeprom*)
                0x00810000                __eeprom_end = .

.fuse
 *(.fuse)
 *(.lfuse)
 *(.hfuse)
 *(.efuse)

.lock
 *(.lock*)

.signature
 *(.signature*)

.stab           0x00000000     0x38f4
 *(.stab)
 .stab          0x00000000      0x870 ./ADC_Prog.o
 .stab          0x00000870      0x72c ./CLCD_program.o
                                0x93c (size before relaxing)
 .stab          0x00000f9c      0x204 ./DCMotor_Program.o
                                0x288 (size before relaxing)
 .stab          0x000011a0      0x7d4 ./DIO_Program.o
                                0x9e4 (size before relaxing)
 .stab          0x00001974      0x3f0 ./KPD_Program.o
                                0x600 (size before relaxing)
 .stab          0x00001d64      0x240 ./LDR_Prog.o
                                0x468 (size before relaxing)
 .stab          0x00001fa4      0x264 ./LM35_Prog.o
                                0x48c (size before relaxing)
 .stab          0x00002208      0x180 ./MAP_Prog.o
                                0x204 (size before relaxing)
 .stab          0x00002388      0x168 ./PORT_Program.o
                                0x1ec (size before relaxing)
 .stab          0x000024f0      0x39c ./SSD_Prog.o
                                0x420 (size before relaxing)
 .stab          0x0000288c     0x1068 ./main.o
                               0x12a8 (size before relaxing)

.stabstr        0x00000000     0x15aa
 *(.stabstr)
 .stabstr       0x00000000     0x15aa ./ADC_Prog.o

.stab.excl
 *(.stab.excl)

.stab.exclstr
 *(.stab.exclstr)

.stab.index
 *(.stab.index)

.stab.indexstr
 *(.stab.indexstr)

.comment
 *(.comment)

.debug
 *(.debug)

.line
 *(.line)

.debug_srcinfo
 *(.debug_srcinfo)

.debug_sfnames
 *(.debug_sfnames)

.debug_aranges  0x00000000      0x140
 *(.debug_aranges)
 .debug_aranges
                0x00000000       0x20 f:/eng_amgad_samir_diaploma/tools/sdk_win_64/sdk_win_64/winavr/bin/../lib/gcc/avr/4.3.3/avr5\libgcc.a(_fixunssfsi.o)
 .debug_aranges
                0x00000020       0x20 f:/eng_amgad_samir_diaploma/tools/sdk_win_64/sdk_win_64/winavr/bin/../lib/gcc/avr/4.3.3/avr5\libgcc.a(_addsub_sf.o)
 .debug_aranges
                0x00000040       0x20 f:/eng_amgad_samir_diaploma/tools/sdk_win_64/sdk_win_64/winavr/bin/../lib/gcc/avr/4.3.3/avr5\libgcc.a(_mul_sf.o)
 .debug_aranges
                0x00000060       0x20 f:/eng_amgad_samir_diaploma/tools/sdk_win_64/sdk_win_64/winavr/bin/../lib/gcc/avr/4.3.3/avr5\libgcc.a(_gt_sf.o)
 .debug_aranges
                0x00000080       0x20 f:/eng_amgad_samir_diaploma/tools/sdk_win_64/sdk_win_64/winavr/bin/../lib/gcc/avr/4.3.3/avr5\libgcc.a(_ge_sf.o)
 .debug_aranges
                0x000000a0       0x20 f:/eng_amgad_samir_diaploma/tools/sdk_win_64/sdk_win_64/winavr/bin/../lib/gcc/avr/4.3.3/avr5\libgcc.a(_lt_sf.o)
 .debug_aranges
                0x000000c0       0x20 f:/eng_amgad_samir_diaploma/tools/sdk_win_64/sdk_win_64/winavr/bin/../lib/gcc/avr/4.3.3/avr5\libgcc.a(_sf_to_si.o)
 .debug_aranges
                0x000000e0       0x20 f:/eng_amgad_samir_diaploma/tools/sdk_win_64/sdk_win_64/winavr/bin/../lib/gcc/avr/4.3.3/avr5\libgcc.a(_pack_sf.o)
 .debug_aranges
                0x00000100       0x20 f:/eng_amgad_samir_diaploma/tools/sdk_win_64/sdk_win_64/winavr/bin/../lib/gcc/avr/4.3.3/avr5\libgcc.a(_unpack_sf.o)
 .debug_aranges
                0x00000120       0x20 f:/eng_amgad_samir_diaploma/tools/sdk_win_64/sdk_win_64/winavr/bin/../lib/gcc/avr/4.3.3/avr5\libgcc.a(_fpcmp_parts_sf.o)

.debug_pubnames
                0x00000000      0x170
 *(.debug_pubnames)
 .debug_pubnames
                0x00000000       0x23 f:/eng_amgad_samir_diaploma/tools/sdk_win_64/sdk_win_64/winavr/bin/../lib/gcc/avr/4.3.3/avr5\libgcc.a(_fixunssfsi.o)
 .debug_pubnames
                0x00000023       0x2c f:/eng_amgad_samir_diaploma/tools/sdk_win_64/sdk_win_64/winavr/bin/../lib/gcc/avr/4.3.3/avr5\libgcc.a(_addsub_sf.o)
 .debug_pubnames
                0x0000004f       0x1f f:/eng_amgad_samir_diaploma/tools/sdk_win_64/sdk_win_64/winavr/bin/../lib/gcc/avr/4.3.3/avr5\libgcc.a(_mul_sf.o)
 .debug_pubnames
                0x0000006e       0x1e f:/eng_amgad_samir_diaploma/tools/sdk_win_64/sdk_win_64/winavr/bin/../lib/gcc/avr/4.3.3/avr5\libgcc.a(_gt_sf.o)
 .debug_pubnames
                0x0000008c       0x1e f:/eng_amgad_samir_diaploma/tools/sdk_win_64/sdk_win_64/winavr/bin/../lib/gcc/avr/4.3.3/avr5\libgcc.a(_ge_sf.o)
 .debug_pubnames
                0x000000aa       0x1e f:/eng_amgad_samir_diaploma/tools/sdk_win_64/sdk_win_64/winavr/bin/../lib/gcc/avr/4.3.3/avr5\libgcc.a(_lt_sf.o)
 .debug_pubnames
                0x000000c8       0x20 f:/eng_amgad_samir_diaploma/tools/sdk_win_64/sdk_win_64/winavr/bin/../lib/gcc/avr/4.3.3/avr5\libgcc.a(_sf_to_si.o)
 .debug_pubnames
                0x000000e8       0x22 f:/eng_amgad_samir_diaploma/tools/sdk_win_64/sdk_win_64/winavr/bin/../lib/gcc/avr/4.3.3/avr5\libgcc.a(_thenan_sf.o)
 .debug_pubnames
                0x0000010a       0x1f f:/eng_amgad_samir_diaploma/tools/sdk_win_64/sdk_win_64/winavr/bin/../lib/gcc/avr/4.3.3/avr5\libgcc.a(_pack_sf.o)
 .debug_pubnames
                0x00000129       0x21 f:/eng_amgad_samir_diaploma/tools/sdk_win_64/sdk_win_64/winavr/bin/../lib/gcc/avr/4.3.3/avr5\libgcc.a(_unpack_sf.o)
 .debug_pubnames
                0x0000014a       0x26 f:/eng_amgad_samir_diaploma/tools/sdk_win_64/sdk_win_64/winavr/bin/../lib/gcc/avr/4.3.3/avr5\libgcc.a(_fpcmp_parts_sf.o)

.debug_info     0x00000000     0x1c49
 *(.debug_info)
 .debug_info    0x00000000       0xb1 f:/eng_amgad_samir_diaploma/tools/sdk_win_64/sdk_win_64/winavr/bin/../lib/gcc/avr/4.3.3/avr5\libgcc.a(_fixunssfsi.o)
 .debug_info    0x000000b1      0x47a f:/eng_amgad_samir_diaploma/tools/sdk_win_64/sdk_win_64/winavr/bin/../lib/gcc/avr/4.3.3/avr5\libgcc.a(_addsub_sf.o)
 .debug_info    0x0000052b      0x485 f:/eng_amgad_samir_diaploma/tools/sdk_win_64/sdk_win_64/winavr/bin/../lib/gcc/avr/4.3.3/avr5\libgcc.a(_mul_sf.o)
 .debug_info    0x000009b0      0x27f f:/eng_amgad_samir_diaploma/tools/sdk_win_64/sdk_win_64/winavr/bin/../lib/gcc/avr/4.3.3/avr5\libgcc.a(_gt_sf.o)
 .debug_info    0x00000c2f      0x27f f:/eng_amgad_samir_diaploma/tools/sdk_win_64/sdk_win_64/winavr/bin/../lib/gcc/avr/4.3.3/avr5\libgcc.a(_ge_sf.o)
 .debug_info    0x00000eae      0x27f f:/eng_amgad_samir_diaploma/tools/sdk_win_64/sdk_win_64/winavr/bin/../lib/gcc/avr/4.3.3/avr5\libgcc.a(_lt_sf.o)
 .debug_info    0x0000112d      0x2b0 f:/eng_amgad_samir_diaploma/tools/sdk_win_64/sdk_win_64/winavr/bin/../lib/gcc/avr/4.3.3/avr5\libgcc.a(_sf_to_si.o)
 .debug_info    0x000013dd      0x12c f:/eng_amgad_samir_diaploma/tools/sdk_win_64/sdk_win_64/winavr/bin/../lib/gcc/avr/4.3.3/avr5\libgcc.a(_thenan_sf.o)
 .debug_info    0x00001509      0x2df f:/eng_amgad_samir_diaploma/tools/sdk_win_64/sdk_win_64/winavr/bin/../lib/gcc/avr/4.3.3/avr5\libgcc.a(_pack_sf.o)
 .debug_info    0x000017e8      0x251 f:/eng_amgad_samir_diaploma/tools/sdk_win_64/sdk_win_64/winavr/bin/../lib/gcc/avr/4.3.3/avr5\libgcc.a(_unpack_sf.o)
 .debug_info    0x00001a39      0x210 f:/eng_amgad_samir_diaploma/tools/sdk_win_64/sdk_win_64/winavr/bin/../lib/gcc/avr/4.3.3/avr5\libgcc.a(_fpcmp_parts_sf.o)
 *(.gnu.linkonce.wi.*)

.debug_abbrev   0x00000000      0xeeb
 *(.debug_abbrev)
 .debug_abbrev  0x00000000       0x5d f:/eng_amgad_samir_diaploma/tools/sdk_win_64/sdk_win_64/winavr/bin/../lib/gcc/avr/4.3.3/avr5\libgcc.a(_fixunssfsi.o)
 .debug_abbrev  0x0000005d      0x1ea f:/eng_amgad_samir_diaploma/tools/sdk_win_64/sdk_win_64/winavr/bin/../lib/gcc/avr/4.3.3/avr5\libgcc.a(_addsub_sf.o)
 .debug_abbrev  0x00000247      0x21b f:/eng_amgad_samir_diaploma/tools/sdk_win_64/sdk_win_64/winavr/bin/../lib/gcc/avr/4.3.3/avr5\libgcc.a(_mul_sf.o)
 .debug_abbrev  0x00000462      0x15a f:/eng_amgad_samir_diaploma/tools/sdk_win_64/sdk_win_64/winavr/bin/../lib/gcc/avr/4.3.3/avr5\libgcc.a(_gt_sf.o)
 .debug_abbrev  0x000005bc      0x15a f:/eng_amgad_samir_diaploma/tools/sdk_win_64/sdk_win_64/winavr/bin/../lib/gcc/avr/4.3.3/avr5\libgcc.a(_ge_sf.o)
 .debug_abbrev  0x00000716      0x15a f:/eng_amgad_samir_diaploma/tools/sdk_win_64/sdk_win_64/winavr/bin/../lib/gcc/avr/4.3.3/avr5\libgcc.a(_lt_sf.o)
 .debug_abbrev  0x00000870      0x17f f:/eng_amgad_samir_diaploma/tools/sdk_win_64/sdk_win_64/winavr/bin/../lib/gcc/avr/4.3.3/avr5\libgcc.a(_sf_to_si.o)
 .debug_abbrev  0x000009ef       0xad f:/eng_amgad_samir_diaploma/tools/sdk_win_64/sdk_win_64/winavr/bin/../lib/gcc/avr/4.3.3/avr5\libgcc.a(_thenan_sf.o)
 .debug_abbrev  0x00000a9c      0x1c0 f:/eng_amgad_samir_diaploma/tools/sdk_win_64/sdk_win_64/winavr/bin/../lib/gcc/avr/4.3.3/avr5\libgcc.a(_pack_sf.o)
 .debug_abbrev  0x00000c5c      0x154 f:/eng_amgad_samir_diaploma/tools/sdk_win_64/sdk_win_64/winavr/bin/../lib/gcc/avr/4.3.3/avr5\libgcc.a(_unpack_sf.o)
 .debug_abbrev  0x00000db0      0x13b f:/eng_amgad_samir_diaploma/tools/sdk_win_64/sdk_win_64/winavr/bin/../lib/gcc/avr/4.3.3/avr5\libgcc.a(_fpcmp_parts_sf.o)

.debug_line     0x00000000      0xdad
 *(.debug_line)
 .debug_line    0x00000000       0xa7 f:/eng_amgad_samir_diaploma/tools/sdk_win_64/sdk_win_64/winavr/bin/../lib/gcc/avr/4.3.3/avr5\libgcc.a(_fixunssfsi.o)
 .debug_line    0x000000a7      0x2af f:/eng_amgad_samir_diaploma/tools/sdk_win_64/sdk_win_64/winavr/bin/../lib/gcc/avr/4.3.3/avr5\libgcc.a(_addsub_sf.o)
 .debug_line    0x00000356      0x239 f:/eng_amgad_samir_diaploma/tools/sdk_win_64/sdk_win_64/winavr/bin/../lib/gcc/avr/4.3.3/avr5\libgcc.a(_mul_sf.o)
 .debug_line    0x0000058f       0xd3 f:/eng_amgad_samir_diaploma/tools/sdk_win_64/sdk_win_64/winavr/bin/../lib/gcc/avr/4.3.3/avr5\libgcc.a(_gt_sf.o)
 .debug_line    0x00000662       0xd3 f:/eng_amgad_samir_diaploma/tools/sdk_win_64/sdk_win_64/winavr/bin/../lib/gcc/avr/4.3.3/avr5\libgcc.a(_ge_sf.o)
 .debug_line    0x00000735       0xd3 f:/eng_amgad_samir_diaploma/tools/sdk_win_64/sdk_win_64/winavr/bin/../lib/gcc/avr/4.3.3/avr5\libgcc.a(_lt_sf.o)
 .debug_line    0x00000808      0x109 f:/eng_amgad_samir_diaploma/tools/sdk_win_64/sdk_win_64/winavr/bin/../lib/gcc/avr/4.3.3/avr5\libgcc.a(_sf_to_si.o)
 .debug_line    0x00000911       0x90 f:/eng_amgad_samir_diaploma/tools/sdk_win_64/sdk_win_64/winavr/bin/../lib/gcc/avr/4.3.3/avr5\libgcc.a(_thenan_sf.o)
 .debug_line    0x000009a1      0x18a f:/eng_amgad_samir_diaploma/tools/sdk_win_64/sdk_win_64/winavr/bin/../lib/gcc/avr/4.3.3/avr5\libgcc.a(_pack_sf.o)
 .debug_line    0x00000b2b      0x14b f:/eng_amgad_samir_diaploma/tools/sdk_win_64/sdk_win_64/winavr/bin/../lib/gcc/avr/4.3.3/avr5\libgcc.a(_unpack_sf.o)
 .debug_line    0x00000c76      0x137 f:/eng_amgad_samir_diaploma/tools/sdk_win_64/sdk_win_64/winavr/bin/../lib/gcc/avr/4.3.3/avr5\libgcc.a(_fpcmp_parts_sf.o)

.debug_frame    0x00000000      0x160
 *(.debug_frame)
 .debug_frame   0x00000000       0x20 f:/eng_amgad_samir_diaploma/tools/sdk_win_64/sdk_win_64/winavr/bin/../lib/gcc/avr/4.3.3/avr5\libgcc.a(_fixunssfsi.o)
 .debug_frame   0x00000020       0x40 f:/eng_amgad_samir_diaploma/tools/sdk_win_64/sdk_win_64/winavr/bin/../lib/gcc/avr/4.3.3/avr5\libgcc.a(_addsub_sf.o)
 .debug_frame   0x00000060       0x20 f:/eng_amgad_samir_diaploma/tools/sdk_win_64/sdk_win_64/winavr/bin/../lib/gcc/avr/4.3.3/avr5\libgcc.a(_mul_sf.o)
 .debug_frame   0x00000080       0x20 f:/eng_amgad_samir_diaploma/tools/sdk_win_64/sdk_win_64/winavr/bin/../lib/gcc/avr/4.3.3/avr5\libgcc.a(_gt_sf.o)
 .debug_frame   0x000000a0       0x20 f:/eng_amgad_samir_diaploma/tools/sdk_win_64/sdk_win_64/winavr/bin/../lib/gcc/avr/4.3.3/avr5\libgcc.a(_ge_sf.o)
 .debug_frame   0x000000c0       0x20 f:/eng_amgad_samir_diaploma/tools/sdk_win_64/sdk_win_64/winavr/bin/../lib/gcc/avr/4.3.3/avr5\libgcc.a(_lt_sf.o)
 .debug_frame   0x000000e0       0x20 f:/eng_amgad_samir_diaploma/tools/sdk_win_64/sdk_win_64/winavr/bin/../lib/gcc/avr/4.3.3/avr5\libgcc.a(_sf_to_si.o)
 .debug_frame   0x00000100       0x20 f:/eng_amgad_samir_diaploma/tools/sdk_win_64/sdk_win_64/winavr/bin/../lib/gcc/avr/4.3.3/avr5\libgcc.a(_pack_sf.o)
 .debug_frame   0x00000120       0x20 f:/eng_amgad_samir_diaploma/tools/sdk_win_64/sdk_win_64/winavr/bin/../lib/gcc/avr/4.3.3/avr5\libgcc.a(_unpack_sf.o)
 .debug_frame   0x00000140       0x20 f:/eng_amgad_samir_diaploma/tools/sdk_win_64/sdk_win_64/winavr/bin/../lib/gcc/avr/4.3.3/avr5\libgcc.a(_fpcmp_parts_sf.o)

.debug_str      0x00000000      0x28d
 *(.debug_str)
 .debug_str     0x00000000       0xbf f:/eng_amgad_samir_diaploma/tools/sdk_win_64/sdk_win_64/winavr/bin/../lib/gcc/avr/4.3.3/avr5\libgcc.a(_fixunssfsi.o)
                                 0xfe (size before relaxing)
 .debug_str     0x000000bf      0x14d f:/eng_amgad_samir_diaploma/tools/sdk_win_64/sdk_win_64/winavr/bin/../lib/gcc/avr/4.3.3/avr5\libgcc.a(_addsub_sf.o)
                                0x206 (size before relaxing)
 .debug_str     0x0000020c       0x27 f:/eng_amgad_samir_diaploma/tools/sdk_win_64/sdk_win_64/winavr/bin/../lib/gcc/avr/4.3.3/avr5\libgcc.a(_mul_sf.o)
                                0x1bf (size before relaxing)
 .debug_str     0x00000233        0xf f:/eng_amgad_samir_diaploma/tools/sdk_win_64/sdk_win_64/winavr/bin/../lib/gcc/avr/4.3.3/avr5\libgcc.a(_gt_sf.o)
                                0x195 (size before relaxing)
 .debug_str     0x00000242        0x8 f:/eng_amgad_samir_diaploma/tools/sdk_win_64/sdk_win_64/winavr/bin/../lib/gcc/avr/4.3.3/avr5\libgcc.a(_ge_sf.o)
                                0x195 (size before relaxing)
 .debug_str     0x0000024a        0x8 f:/eng_amgad_samir_diaploma/tools/sdk_win_64/sdk_win_64/winavr/bin/../lib/gcc/avr/4.3.3/avr5\libgcc.a(_lt_sf.o)
                                0x195 (size before relaxing)
 .debug_str     0x00000252        0xa f:/eng_amgad_samir_diaploma/tools/sdk_win_64/sdk_win_64/winavr/bin/../lib/gcc/avr/4.3.3/avr5\libgcc.a(_sf_to_si.o)
                                0x19e (size before relaxing)
 .debug_str     0x00000000      0x103 f:/eng_amgad_samir_diaploma/tools/sdk_win_64/sdk_win_64/winavr/bin/../lib/gcc/avr/4.3.3/avr5\libgcc.a(_thenan_sf.o)
 .debug_str     0x0000025c       0x16 f:/eng_amgad_samir_diaploma/tools/sdk_win_64/sdk_win_64/winavr/bin/../lib/gcc/avr/4.3.3/avr5\libgcc.a(_pack_sf.o)
                                0x19d (size before relaxing)
 .debug_str     0x00000272        0xb f:/eng_amgad_samir_diaploma/tools/sdk_win_64/sdk_win_64/winavr/bin/../lib/gcc/avr/4.3.3/avr5\libgcc.a(_unpack_sf.o)
                                0x17f (size before relaxing)
 .debug_str     0x0000027d       0x10 f:/eng_amgad_samir_diaploma/tools/sdk_win_64/sdk_win_64/winavr/bin/../lib/gcc/avr/4.3.3/avr5\libgcc.a(_fpcmp_parts_sf.o)
                                0x163 (size before relaxing)

.debug_loc      0x00000000      0x7ce
 *(.debug_loc)
 .debug_loc     0x00000000       0x34 f:/eng_amgad_samir_diaploma/tools/sdk_win_64/sdk_win_64/winavr/bin/../lib/gcc/avr/4.3.3/avr5\libgcc.a(_fixunssfsi.o)
 .debug_loc     0x00000034      0x32a f:/eng_amgad_samir_diaploma/tools/sdk_win_64/sdk_win_64/winavr/bin/../lib/gcc/avr/4.3.3/avr5\libgcc.a(_addsub_sf.o)
 .debug_loc     0x0000035e      0x104 f:/eng_amgad_samir_diaploma/tools/sdk_win_64/sdk_win_64/winavr/bin/../lib/gcc/avr/4.3.3/avr5\libgcc.a(_mul_sf.o)
 .debug_loc     0x00000462       0x3c f:/eng_amgad_samir_diaploma/tools/sdk_win_64/sdk_win_64/winavr/bin/../lib/gcc/avr/4.3.3/avr5\libgcc.a(_gt_sf.o)
 .debug_loc     0x0000049e       0x3c f:/eng_amgad_samir_diaploma/tools/sdk_win_64/sdk_win_64/winavr/bin/../lib/gcc/avr/4.3.3/avr5\libgcc.a(_ge_sf.o)
 .debug_loc     0x000004da       0x3c f:/eng_amgad_samir_diaploma/tools/sdk_win_64/sdk_win_64/winavr/bin/../lib/gcc/avr/4.3.3/avr5\libgcc.a(_lt_sf.o)
 .debug_loc     0x00000516       0x7e f:/eng_amgad_samir_diaploma/tools/sdk_win_64/sdk_win_64/winavr/bin/../lib/gcc/avr/4.3.3/avr5\libgcc.a(_sf_to_si.o)
 .debug_loc     0x00000594      0x13e f:/eng_amgad_samir_diaploma/tools/sdk_win_64/sdk_win_64/winavr/bin/../lib/gcc/avr/4.3.3/avr5\libgcc.a(_pack_sf.o)
 .debug_loc     0x000006d2       0xac f:/eng_amgad_samir_diaploma/tools/sdk_win_64/sdk_win_64/winavr/bin/../lib/gcc/avr/4.3.3/avr5\libgcc.a(_unpack_sf.o)
 .debug_loc     0x0000077e       0x50 f:/eng_amgad_samir_diaploma/tools/sdk_win_64/sdk_win_64/winavr/bin/../lib/gcc/avr/4.3.3/avr5\libgcc.a(_fpcmp_parts_sf.o)

.debug_macinfo
 *(.debug_macinfo)
OUTPUT(LogIn_Sys_ADC_And_DCmotorAPP.elf elf32-avr)
LOAD linker stubs

.debug_ranges   0x00000000       0x50
 .debug_ranges  0x00000000       0x50 f:/eng_amgad_samir_diaploma/tools/sdk_win_64/sdk_win_64/winavr/bin/../lib/gcc/avr/4.3.3/avr5\libgcc.a(_mul_sf.o)
